date Mon Aug 17 10:00:00 2026
base hex timestamps absolute
   00.010000 1  100             Rx   d 8 80 0C 32 82 01 00 00 00
   00.010000 1  102             Rx   d 8 00 00 00 00 00 00 00 00
   00.010000 1  101             Rx   d 8 01 00 00 00 00 00 00 00
   00.010000 1  200             Rx   d 8 04 00 00 00 00 00 00 00
   00.020000 1  100             Rx   d 8 A8 0C 32 82 02 00 00 00
   00.020000 1  102             Rx   d 8 28 00 00 00 00 00 00 00
   00.030000 1  100             Rx   d 8 D0 0C 32 82 03 00 00 00
   00.030000 1  102             Rx   d 8 50 00 00 00 00 00 00 00
   00.030000 1  101             Rx   d 8 01 00 00 00 00 00 00 00
   00.040000 1  100             Rx   d 8 F8 0C 32 82 04 00 00 00
   00.040000 1  102             Rx   d 8 78 00 00 00 00 00 00 00
   00.050000 1  100             Rx   d 8 20 0D 32 82 05 00 00 00
   00.050000 1  102             Rx   d 8 A0 00 00 00 00 00 00 00
   00.050000 1  101             Rx   d 8 01 00 00 00 00 00 00 00
   00.060000 1  100             Rx   d 8 48 0D 32 82 06 00 00 00
   00.060000 1  102             Rx   d 8 C8 00 00 00 00 00 00 00
   00.070000 1  100             Rx   d 8 70 0D 32 82 07 00 00 00
   00.070000 1  102             Rx   d 8 F0 00 00 00 00 00 00 00
   00.070000 1  101             Rx   d 8 01 00 00 00 00 00 00 00
   00.080000 1  100             Rx   d 8 98 0D 32 82 08 00 00 00
   00.080000 1  102             Rx   d 8 18 01 00 00 00 00 00 00
   00.090000 1  100             Rx   d 8 C0 0D 32 82 09 00 00 00
   00.090000 1  102             Rx   d 8 40 01 00 00 00 00 00 00
   00.090000 1  101             Rx   d 8 01 00 00 00 00 00 00 00
   00.100000 1  100             Rx   d 8 E8 0D 32 82 0A 00 00 00
   00.100000 1  102             Rx   d 8 68 01 00 00 00 00 00 00
   00.110000 1  100             Rx   d 8 10 0E 32 82 0B 00 00 00
   00.110000 1  102             Rx   d 8 90 01 00 00 00 00 00 00
   00.110000 1  101             Rx   d 8 01 00 00 00 00 00 00 00
   00.110000 1  200             Rx   d 8 04 00 00 00 00 00 00 00
   00.120000 1  100             Rx   d 8 38 0E 32 82 0C 00 00 00
   00.120000 1  102             Rx   d 8 B8 01 00 00 00 00 00 00
   00.130000 1  100             Rx   d 8 60 0E 32 82 0D 00 00 00
   00.130000 1  102             Rx   d 8 E0 01 00 00 00 00 00 00
   00.130000 1  101             Rx   d 8 01 00 00 00 00 00 00 00
   00.140000 1  100             Rx   d 8 88 0E 32 82 0E 00 00 00
   00.140000 1  102             Rx   d 8 08 02 00 00 00 00 00 00
   00.150000 1  100             Rx   d 8 B0 0E 32 82 0F 00 00 00
   00.150000 1  102             Rx   d 8 30 02 00 00 00 00 00 00
   00.150000 1  101             Rx   d 8 01 00 00 00 00 00 00 00
   00.160000 1  100             Rx   d 8 D8 0E 32 82 00 00 00 00
   00.160000 1  102             Rx   d 8 58 02 00 00 00 00 00 00
   00.170000 1  100             Rx   d 8 00 0F 32 82 01 00 00 00
   00.170000 1  102             Rx   d 8 80 02 00 00 00 00 00 00
   00.170000 1  101             Rx   d 8 01 00 00 00 00 00 00 00
   00.180000 1  100             Rx   d 8 28 0F 32 82 02 00 00 00
   00.180000 1  102             Rx   d 8 A8 02 00 00 00 00 00 00
   00.190000 1  100             Rx   d 8 50 0F 32 82 03 00 00 00
   00.510000 1  100             Rx   d 8 10 27 4B FA 05 00 00 00
   00.520000 1  102             Rx   d 8 00 7D 00 00 00 00 00 00