date Mon Aug 17 10:00:00 2026
base hex timestamps absolute
   00.010000 1  100             Rx   d 8 80 0C 32 82 01 00 00 00
   00.010000 1  102             Rx   d 8 00 00 00 00 00 00 00 00
   00.010000 1  101             Rx   d 8 01 00 00 00 00 00 00 00
   00.010000 1  200             Rx   d 8 04 00 00 00 00 00 00 00
   00.020000 1  100             Rx   d 8 A8 0C 32 82 02 00 00 00
   00.020000 1  102             Rx   d 8 28 00 00 00 00 00 00 00
   00.030000 1  100             Rx   d 8 D0 0C 32 82 03 00 00 00
   00.030000 1  102             Rx   d 8 50 00 00 00 00 00 00 00
   00.030000 1  101             Rx   d 8 01 00 00 00 00 00 00 00
   00.040000 1  100             Rx   d 8 F8 0C 32 82 04 00 00 00
   00.040000 1  102             Rx   d 8 78 00 00 00 00 00 00 00
   00.050000 1  100             Rx   d 8 20 0D 32 82 05 00 00 00
   00.050000 1  102             Rx   d 8 A0 00 00 00 00 00 00 00
   00.050000 1  101             Rx   d 8 01 00 00 00 00 00 00 00
   00.060000 1  100             Rx   d 8 48 0D 32 82 06 00 00 00
   00.060000 1  102             Rx   d 8 C8 00 00 00 00 00 00 00
   00.070000 1  100             Rx   d 8 70 0D 32 82 07 00 00 00
   00.070000 1  102             Rx   d 8 F0 00 00 00 00 00 00 00
   00.070000 1  101             Rx   d 8 01 00 00 00 00 00 00 00
   00.080000 1  100             Rx   d 8 98 0D 32 82 08 00 00 00
   00.080000 1  102             Rx   d 8 18 01 00 00 00 00 00 00
   00.090000 1  100             Rx   d 8 C0 0D 32 82 09 00 00 00
   00.090000 1  102             Rx   d 8 40 01 00 00 00 00 00 00
   00.090000 1  101             Rx   d 8 01 00 00 00 00 00 00 00
   00.100000 1  100             Rx   d 8 E8 0D 32 82 0A 00 00 00
   00.100000 1  102             Rx   d 8 68 01 00 00 00 00 00 00
   00.110000 1  100             Rx   d 8 10 0E 32 82 0B 00 00 00
   00.110000 1  102             Rx   d 8 90 01 00 00 00 00 00 00
   00.310100 1  102             Rx   d 8 88 13 FA 08 07 00 00 00
   00.310200 1  102             Rx   d 8 88 13 FA 08 07 00 00 00
   00.310300 1  102             Rx   d 8 88 13 FA 08 07 00 00 00
   00.310400 1  102             Rx   d 8 88 13 FA 08 07 00 00 00
   00.310500 1  102             Rx   d 8 88 13 FA 08 07 00 00 00
   00.310600 1  102             Rx   d 8 88 13 FA 08 07 00 00 00
   00.310700 1  102             Rx   d 8 88 13 FA 08 07 00 00 00
   00.310800 1  102             Rx   d 8 88 13 FA 08 07 00 00 00
   00.310900 1  102             Rx   d 8 88 13 FA 08 07 00 00 00
   00.311000 1  102             Rx   d 8 88 13 FA 08 07 00 00 00
   00.311100 1  102             Rx   d 8 88 13 FA 08 07 00 00 00
   00.311200 1  102             Rx   d 8 88 13 FA 08 07 00 00 00
   00.311300 1  102             Rx   d 8 88 13 FA 08 07 00 00 00
   00.311400 1  102             Rx   d 8 88 13 FA 08 07 00 00 00
   00.311500 1  102             Rx   d 8 88 13 FA 08 07 00 00 00
   00.311600 1  102             Rx   d 8 88 13 FA 08 07 00 00 00
   00.311700 1  102             Rx   d 8 88 13 FA 08 07 00 00 00
   00.311800 1  102             Rx   d 8 88 13 FA 08 07 00 00 00
   00.311900 1  102             Rx   d 8 88 13 FA 08 07 00 00 00
   00.312000 1  102             Rx   d 8 88 13 FA 08 07 00 00 00
   00.312100 1  102             Rx   d 8 88 13 FA 08 07 00 00 00
   00.312200 1  102             Rx   d 8 88 13 FA 08 07 00 00 00
   00.312300 1  102             Rx   d 8 88 13 FA 08 07 00 00 00
   00.312400 1  102             Rx   d 8 88 13 FA 08 07 00 00 00
   00.312500 1  102             Rx   d 8 88 13 FA 08 07 00 00 00
   00.312600 1  102             Rx   d 8 88 13 FA 08 07 00 00 00
   00.312700 1  102             Rx   d 8 88 13 FA 08 07 00 00 00
   00.312800 1  102             Rx   d 8 88 13 FA 08 07 00 00 00
   00.312900 1  102             Rx   d 8 88 13 FA 08 07 00 00 00
   00.313000 1  102             Rx   d 8 88 13 FA 08 07 00 00 00
   00.313100 1  102             Rx   d 8 88 13 FA 08 07 00 00 00
   00.313200 1  102             Rx   d 8 88 13 FA 08 07 00 00 00
   00.313300 1  102             Rx   d 8 88 13 FA 08 07 00 00 00
   00.313400 1  102             Rx   d 8 88 13 FA 08 07 00 00 00
   00.313500 1  102             Rx   d 8 88 13 FA 08 07 00 00 00
   00.313600 1  102             Rx   d 8 88 13 FA 08 07 00 00 00
   00.313700 1  102             Rx   d 8 88 13 FA 08 07 00 00 00
   00.313800 1  102             Rx   d 8 88 13 FA 08 07 00 00 00
   00.313900 1  102             Rx   d 8 88 13 FA 08 07 00 00 00
   00.314000 1  102             Rx   d 8 88 13 FA 08 07 00 00 00